2025-11-15 03:35:35 http: POST /api/auth/login 500 10006.387 ms - 26
2025-11-15 03:36:43 info: POST /api/auth/login 200 64.104 ms - 340
2025-11-15 19:59:31 info: POST /api/auth/login 200 139.674 ms - 340
2025-11-15 20:19:26 info: POST /api/auth/login 200 97.748 ms - 340
2025-11-15 20:30:34 info: POST /api/auth/login 200 95.832 ms - 339
2025-11-15 20:30:50 info: POST /api/auth/login 200 142.006 ms - 339
2025-11-15 21:20:16 info: POST /api/auth/login 200 117.418 ms - 340
2025-11-15 21:20:19 info: POST /api/auth/login 200 158.741 ms - 340
2025-11-15 21:20:20 info: POST /api/auth/login 200 57.095 ms - 340
2025-11-15 21:20:27 info: POST /api/auth/login 200 60.541 ms - 340
2025-11-15 21:27:14 info: POST /api/auth/login 200 103.016 ms - 340
2025-11-15 21:27:15 info: POST /api/auth/login 200 123.800 ms - 340
2025-11-15 21:29:04 info: POST /api/auth/login 200 53.308 ms - 339
2025-11-15 21:37:51 info: POST /api/hr/onboard 400 104.792 ms - 128
2025-11-15 21:38:16 info: POST /api/hr/onboard 400 75.704 ms - 128
2025-11-15 22:50:35 info: [REQUEST] POST /api/auth/login
2025-11-15 22:50:35 info: [RESPONSE] POST /api/auth/login - Status: 200
2025-11-15 22:50:35 info: POST /api/auth/login 200 145.355 ms - 339
2025-11-15 22:51:38 info: [REQUEST] POST /api/auth/login
2025-11-15 22:51:38 info: [RESPONSE] POST /api/auth/login - Status: 200
2025-11-15 22:51:38 info: POST /api/auth/login 200 140.405 ms - 339
2025-11-15 22:53:30 info: [REQUEST] POST /api/hr/onboard
2025-11-15 22:53:30 info: [RESPONSE] POST /api/hr/onboard - Status: 201
2025-11-15 22:53:30 info: POST /api/hr/onboard 201 94.719 ms - 821
2025-11-15 22:54:05 info: [REQUEST] POST /api/hr/onboard
2025-11-15 22:54:05 info: [RESPONSE] POST /api/hr/onboard - Status: 201
2025-11-15 22:54:05 info: POST /api/hr/onboard 201 84.082 ms - 827
2025-11-15 23:09:20 info: [REQUEST] GET /api/hr/employees
2025-11-15 23:09:40 info: [REQUEST] GET /api/hr/employees
2025-11-15 23:09:44 info: GET /api/hr/employees - - ms - -
2025-11-15 23:09:44 info: GET /api/hr/employees - - ms - -
2025-11-15 23:09:44 info: [REQUEST] GET /api/hr/employees
2025-11-15 23:09:50 info: [RESPONSE] GET /api/hr/employees - Status: 401
2025-11-15 23:09:52 info: [REQUEST] GET /api/hr/employees
2025-11-15 23:10:04 info: [REQUEST] GET /api/hr/employees
2025-11-15 23:10:10 info: [RESPONSE] GET /api/hr/employees - Status: 401
2025-11-15 23:10:12 info: [REQUEST] GET /api/hr/employees
2025-11-15 23:10:14 info: [RESPONSE] GET /api/hr/employees - Status: 401
2025-11-15 23:10:14 info: GET /api/hr/employees 401 30002.827 ms - 42
2025-11-15 23:10:14 info: [REQUEST] GET /api/hr/employees
2025-11-15 23:10:22 info: [RESPONSE] GET /api/hr/employees - Status: 401
2025-11-15 23:10:22 info: GET /api/hr/employees 401 30001.793 ms - 42
2025-11-15 23:10:22 info: [REQUEST] GET /api/hr/employees
2025-11-15 23:10:34 info: [RESPONSE] GET /api/hr/employees - Status: 401
2025-11-15 23:10:34 info: GET /api/hr/employees 401 30002.720 ms - 42
2025-11-15 23:10:34 info: [REQUEST] GET /api/hr/employees
2025-11-15 23:10:42 info: [REQUEST] GET /api/hr/employees
2025-11-15 23:10:42 info: [RESPONSE] GET /api/hr/employees - Status: 401
2025-11-15 23:10:42 info: GET /api/hr/employees 401 30003.702 ms - 42
2025-11-15 23:10:44 info: [RESPONSE] GET /api/hr/employees - Status: 401
2025-11-15 23:10:44 info: GET /api/hr/employees 401 30002.188 ms - 42
2025-11-15 23:10:52 info: [RESPONSE] GET /api/hr/employees - Status: 401
2025-11-15 23:10:52 info: GET /api/hr/employees 401 30003.123 ms - 42
2025-11-15 23:11:02 info: [REQUEST] GET /api/hr/employees
2025-11-15 23:11:04 info: [RESPONSE] GET /api/hr/employees - Status: 401
2025-11-15 23:11:04 info: GET /api/hr/employees 401 30003.067 ms - 42
2025-11-15 23:11:10 info: [RESPONSE] GET /api/hr/employees - Status: 200
2025-11-15 23:11:10 info: GET /api/hr/employees 200 7091.222 ms - 1500
2025-11-15 23:11:10 info: [RESPONSE] GET /api/hr/employees - Status: 200
2025-11-15 23:11:10 info: GET /api/hr/employees 200 27511.162 ms - 1500
2025-11-15 23:11:19 info: [REQUEST] POST /api/auth/login
2025-11-15 23:11:19 info: [RESPONSE] POST /api/auth/login - Status: 200
2025-11-15 23:11:19 info: POST /api/auth/login 200 155.354 ms - 340
2025-11-15 23:11:21 info: [REQUEST] GET /api/hr/employees
2025-11-15 23:11:21 info: [RESPONSE] GET /api/hr/employees - Status: 200
2025-11-15 23:11:21 info: GET /api/hr/employees 304 44.920 ms - -
2025-11-15 23:11:21 info: [REQUEST] GET /api/hr/employees
2025-11-15 23:11:21 info: [RESPONSE] GET /api/hr/employees - Status: 200
2025-11-15 23:11:21 info: GET /api/hr/employees 304 8.812 ms - -
2025-11-15 23:11:22 info: [REQUEST] POST /api/auth/login
2025-11-15 23:11:22 info: [RESPONSE] POST /api/auth/login - Status: 401
2025-11-15 23:11:22 info: POST /api/auth/login 401 23.390 ms - 33
2025-11-15 23:11:27 info: [REQUEST] POST /api/auth/login
2025-11-15 23:11:27 info: [RESPONSE] POST /api/auth/login - Status: 401
2025-11-15 23:11:27 info: POST /api/auth/login 401 22.402 ms - 33
2025-11-15 23:11:30 info: [REQUEST] POST /api/auth/login
2025-11-15 23:11:30 info: [RESPONSE] POST /api/auth/login - Status: 401
2025-11-15 23:11:30 info: POST /api/auth/login 401 3.542 ms - 33
2025-11-15 23:11:39 info: [REQUEST] POST /api/auth/login
2025-11-15 23:11:39 info: [RESPONSE] POST /api/auth/login - Status: 401
2025-11-15 23:11:39 info: POST /api/auth/login 401 77.421 ms - 33
2025-11-15 23:11:40 info: [REQUEST] POST /api/auth/login
2025-11-15 23:11:40 info: [RESPONSE] POST /api/auth/login - Status: 200
2025-11-15 23:11:40 info: POST /api/auth/login 200 58.305 ms - 339
2025-11-15 23:11:42 info: [REQUEST] GET /api/hr/employees
2025-11-15 23:11:42 info: [RESPONSE] GET /api/hr/employees - Status: 200
2025-11-15 23:11:42 info: GET /api/hr/employees 200 7.443 ms - 1500
2025-11-15 23:11:42 info: [REQUEST] GET /api/hr/employees
2025-11-15 23:11:42 info: [RESPONSE] GET /api/hr/employees - Status: 200
2025-11-15 23:11:42 info: GET /api/hr/employees 304 11.861 ms - -
2025-11-15 23:11:57 info: [REQUEST] PUT /api/hr/employees/6918b712c29238a0d80d8a31
2025-11-15 23:11:57 info: [RESPONSE] PUT /api/hr/employees/6918b712c29238a0d80d8a31 - Status: 200
2025-11-15 23:11:57 info: PUT /api/hr/employees/6918b712c29238a0d80d8a31 200 87.121 ms - 463
2025-11-15 23:12:17 info: [REQUEST] GET /api/hr/employees
2025-11-15 23:13:07 info: [RESPONSE] GET /api/hr/employees - Status: 401
2025-11-15 23:13:07 info: GET /api/hr/employees 401 49129.504 ms - 42
2025-11-15 23:19:43 info: [REQUEST] GET /api/hr/employees
2025-11-15 23:19:43 info: [RESPONSE] GET /api/hr/employees - Status: 200
2025-11-15 23:19:43 info: GET /api/hr/employees 200 18.054 ms - 1500
2025-11-15 23:19:43 info: [REQUEST] GET /api/hr/employees
2025-11-15 23:19:44 info: [RESPONSE] GET /api/hr/employees - Status: 200
2025-11-15 23:19:44 info: GET /api/hr/employees 304 10.341 ms - -
2025-11-15 23:20:06 info: [REQUEST] POST /api/auth/login
2025-11-15 23:20:06 info: [RESPONSE] POST /api/auth/login - Status: 200
2025-11-15 23:20:06 info: POST /api/auth/login 200 87.129 ms - 340
2025-11-15 23:20:11 info: [REQUEST] GET /api/hr/employees
2025-11-15 23:20:11 info: [RESPONSE] GET /api/hr/employees - Status: 200
2025-11-15 23:20:11 info: GET /api/hr/employees 200 67.398 ms - 1500
2025-11-15 23:20:11 info: [REQUEST] GET /api/hr/employees
2025-11-15 23:20:12 info: [RESPONSE] GET /api/hr/employees - Status: 200
2025-11-15 23:20:12 info: GET /api/hr/employees 304 7.837 ms - -
2025-11-15 23:21:43 info: [REQUEST] GET /api/hr/employees
2025-11-15 23:21:43 info: [RESPONSE] GET /api/hr/employees - Status: 200
2025-11-15 23:21:43 info: GET /api/hr/employees 304 89.628 ms - -
2025-11-15 23:22:30 info: [REQUEST] GET /api/hr/employees
2025-11-15 23:22:30 info: [RESPONSE] GET /api/hr/employees - Status: 200
2025-11-15 23:22:30 info: GET /api/hr/employees 304 8.009 ms - -
2025-11-15 23:22:30 info: [REQUEST] GET /api/hr/employees
2025-11-15 23:22:30 info: [RESPONSE] GET /api/hr/employees - Status: 200
2025-11-15 23:22:30 info: GET /api/hr/employees 304 8.377 ms - -
2025-11-15 23:22:31 info: [REQUEST] GET /api/hr/employees
2025-11-15 23:22:31 info: [RESPONSE] GET /api/hr/employees - Status: 200
2025-11-15 23:22:31 info: GET /api/hr/employees 304 73.984 ms - -
2025-11-15 23:22:31 info: [REQUEST] GET /api/hr/employees
2025-11-15 23:22:31 info: [RESPONSE] GET /api/hr/employees - Status: 200
2025-11-15 23:22:31 info: GET /api/hr/employees 304 8.704 ms - -
2025-11-15 23:22:33 info: [REQUEST] GET /api/hr/employees
2025-11-15 23:22:34 info: [RESPONSE] GET /api/hr/employees - Status: 200
2025-11-15 23:22:34 info: GET /api/hr/employees 304 72.577 ms - -
2025-11-15 23:22:34 info: [REQUEST] GET /api/hr/employees
2025-11-15 23:22:34 info: [RESPONSE] GET /api/hr/employees - Status: 200
2025-11-15 23:22:34 info: GET /api/hr/employees 304 16.586 ms - -
2025-11-15 23:22:47 info: [REQUEST] POST /api/auth/login
2025-11-15 23:22:48 info: [RESPONSE] POST /api/auth/login - Status: 200
2025-11-15 23:22:48 info: POST /api/auth/login 200 99.509 ms - 340
2025-11-15 23:22:50 info: [REQUEST] GET /api/hr/employees
2025-11-15 23:22:50 info: [RESPONSE] GET /api/hr/employees - Status: 200
2025-11-15 23:22:50 info: GET /api/hr/employees 304 116.902 ms - -
2025-11-15 23:22:50 info: [REQUEST] GET /api/hr/employees
2025-11-15 23:22:50 info: [RESPONSE] GET /api/hr/employees - Status: 200
2025-11-15 23:22:50 info: GET /api/hr/employees 304 9.421 ms - -
2025-11-15 23:25:00 info: [REQUEST] GET /api/hr/employees
2025-11-15 23:25:00 info: [RESPONSE] GET /api/hr/employees - Status: 200
2025-11-15 23:25:00 info: GET /api/hr/employees 304 40.091 ms - -
2025-11-15 23:25:00 info: [REQUEST] GET /api/hr/employees
2025-11-15 23:25:00 info: [RESPONSE] GET /api/hr/employees - Status: 200
2025-11-15 23:25:00 info: GET /api/hr/employees 304 7.244 ms - -
2025-11-15 23:28:50 info: [REQUEST] GET /api/hr/employees
2025-11-15 23:28:50 info: [RESPONSE] GET /api/hr/employees - Status: 200
2025-11-15 23:28:50 info: GET /api/hr/employees 304 91.007 ms - -
2025-11-15 23:41:49 info: [REQUEST] POST /api/auth/login
2025-11-15 23:42:19 info: [RESPONSE] POST /api/auth/login - Status: 500
2025-11-15 23:42:19 info: POST /api/auth/login 500 30011.263 ms - 26
2025-11-16 00:05:48 info: [REQUEST] POST /api/auth/login
2025-11-16 00:05:48 info: [RESPONSE] POST /api/auth/login - Status: 200
2025-11-16 00:05:48 info: POST /api/auth/login 200 93.095 ms - 340
2025-11-16 00:16:19 info: [REQUEST] POST /api/auth/login
2025-11-16 00:16:19 info: [RESPONSE] POST /api/auth/login - Status: 200
2025-11-16 00:16:19 info: POST /api/auth/login 200 168.249 ms - 340
2025-11-16 00:36:28 info: [REQUEST] POST /api/auth/login
2025-11-16 00:36:50 info: POST /api/auth/login - - ms - -
2025-11-16 00:36:58 info: [REQUEST] POST /api/auth/login
2025-11-16 00:36:59 info: [RESPONSE] POST /api/auth/login - Status: 500
2025-11-16 00:37:06 info: POST /api/auth/login - - ms - -
2025-11-16 00:37:28 info: [REQUEST] POST /api/auth/login
2025-11-16 00:37:28 info: [RESPONSE] POST /api/auth/login - Status: 500
2025-11-16 00:37:58 info: [RESPONSE] POST /api/auth/login - Status: 500
2025-11-16 00:37:58 info: POST /api/auth/login 500 30021.700 ms - 26
2025-11-16 00:38:41 info: [REQUEST] POST /api/auth/login
2025-11-16 00:38:58 info: POST /api/auth/login - - ms - -
2025-11-16 00:39:07 info: [REQUEST] POST /api/auth/login
2025-11-16 00:39:11 info: [RESPONSE] POST /api/auth/login - Status: 500
2025-11-16 00:39:37 info: [RESPONSE] POST /api/auth/login - Status: 500
2025-11-16 00:39:37 info: POST /api/auth/login 500 30009.136 ms - 26
2025-11-16 00:40:04 info: [REQUEST] POST /api/auth/login
2025-11-16 00:40:34 info: [RESPONSE] POST /api/auth/login - Status: 500
2025-11-16 00:40:34 info: POST /api/auth/login 500 30005.881 ms - 26
2025-11-16 00:40:35 info: [REQUEST] POST /api/auth/login
2025-11-16 00:40:36 info: POST /api/auth/login - - ms - -
2025-11-16 00:40:39 info: [REQUEST] POST /api/auth/login
2025-11-16 00:41:05 info: [RESPONSE] POST /api/auth/login - Status: 500
2025-11-16 00:41:09 info: [RESPONSE] POST /api/auth/login - Status: 500
2025-11-16 00:41:09 info: POST /api/auth/login 500 30007.970 ms - 26
2025-11-16 00:43:37 info: [REQUEST] POST /api/auth/login
2025-11-16 00:44:07 info: [RESPONSE] POST /api/auth/login - Status: 500
2025-11-16 00:44:07 info: POST /api/auth/login 500 30012.875 ms - 26
2025-11-16 00:45:34 info: [REQUEST] POST /api/auth/login
2025-11-16 00:45:52 info: POST /api/auth/login - - ms - -
2025-11-16 00:46:04 info: [RESPONSE] POST /api/auth/login - Status: 500
2025-11-16 00:49:11 info: [REQUEST] POST /api/auth/login
2025-11-16 00:49:41 info: [RESPONSE] POST /api/auth/login - Status: 500
2025-11-16 00:49:41 info: POST /api/auth/login 500 30006.576 ms - 26
2025-11-16 00:51:29 debug: [REQUEST] POST /api/auth/login
2025-11-16 00:51:29 info: POST /api/auth/login 200 76.786 ms - 340
2025-11-16 00:51:29 debug: [RESPONSE] POST /api/auth/login - Status: 200 - 77ms
2025-11-16 00:51:29 debug: [RESPONSE] POST /api/auth/login - Status: 200 - 77ms
2025-11-16 00:54:50 debug: [REQUEST] GET /api/hr/employees
2025-11-16 00:54:50 info: GET /api/hr/employees 200 79.904 ms - 1500
2025-11-16 00:54:50 debug: [RESPONSE] GET /api/hr/employees - Status: 200 - 79ms
2025-11-16 00:54:50 debug: [RESPONSE] GET /api/hr/employees - Status: 200 - 80ms
2025-11-16 00:54:50 debug: [REQUEST] GET /api/hr/employees
2025-11-16 00:54:50 info: GET /api/hr/employees 304 9.347 ms - -
2025-11-16 00:54:50 debug: [RESPONSE] GET /api/hr/employees - Status: 304 - 9ms
2025-11-16 00:54:50 debug: [RESPONSE] GET /api/hr/employees - Status: 304 - 10ms
2025-11-16 01:01:45 debug: [REQUEST] POST /api/auth/login
2025-11-16 01:01:45 info: POST /api/auth/login 200 166.421 ms - 340
2025-11-16 01:01:45 debug: [RESPONSE] POST /api/auth/login - Status: 200 - 167ms
2025-11-16 01:01:45 debug: [RESPONSE] POST /api/auth/login - Status: 200 - 167ms
2025-11-16 01:01:46 debug: [REQUEST] GET /api/hr/employees
2025-11-16 01:01:46 info: GET /api/hr/employees 200 77.814 ms - 1500
2025-11-16 01:01:46 debug: [RESPONSE] GET /api/hr/employees - Status: 200 - 77ms
2025-11-16 01:01:46 debug: [RESPONSE] GET /api/hr/employees - Status: 200 - 78ms
2025-11-16 01:01:46 debug: [REQUEST] GET /api/hr/employees
2025-11-16 01:01:46 info: GET /api/hr/employees 304 11.668 ms - -
2025-11-16 01:01:46 debug: [RESPONSE] GET /api/hr/employees - Status: 304 - 11ms
2025-11-16 01:01:46 debug: [RESPONSE] GET /api/hr/employees - Status: 304 - 11ms
2025-11-16 01:02:15 debug: [REQUEST] GET /api/hr/employees
2025-11-16 01:02:15 info: GET /api/hr/employees 304 8.365 ms - -
2025-11-16 01:02:15 debug: [RESPONSE] GET /api/hr/employees - Status: 304 - 9ms
2025-11-16 01:02:15 debug: [RESPONSE] GET /api/hr/employees - Status: 304 - 9ms
2025-11-16 01:02:15 debug: [REQUEST] GET /api/hr/employees
2025-11-16 01:02:15 info: GET /api/hr/employees 304 7.229 ms - -
2025-11-16 01:02:15 debug: [RESPONSE] GET /api/hr/employees - Status: 304 - 7ms
2025-11-16 01:02:15 debug: [RESPONSE] GET /api/hr/employees - Status: 304 - 7ms
2025-11-16 01:02:25 debug: [REQUEST] POST /api/auth/login
2025-11-16 01:02:25 info: POST /api/auth/login 200 157.404 ms - 340
2025-11-16 01:02:25 debug: [RESPONSE] POST /api/auth/login - Status: 200 - 157ms
2025-11-16 01:02:25 debug: [RESPONSE] POST /api/auth/login - Status: 200 - 157ms
2025-11-16 01:02:26 debug: [REQUEST] GET /api/hr/employees
2025-11-16 01:02:26 info: GET /api/hr/employees 304 119.079 ms - -
2025-11-16 01:02:26 debug: [RESPONSE] GET /api/hr/employees - Status: 304 - 119ms
2025-11-16 01:02:26 debug: [RESPONSE] GET /api/hr/employees - Status: 304 - 120ms
2025-11-16 01:02:26 debug: [REQUEST] GET /api/hr/employees
2025-11-16 01:02:26 info: GET /api/hr/employees 304 6.196 ms - -
2025-11-16 01:02:26 debug: [RESPONSE] GET /api/hr/employees - Status: 304 - 6ms
2025-11-16 01:02:26 debug: [RESPONSE] GET /api/hr/employees - Status: 304 - 6ms
2025-11-16 01:04:16 debug: [REQUEST] POST /api/auth/login
2025-11-16 01:04:16 info: POST /api/auth/login 200 84.080 ms - 340
2025-11-16 01:04:16 debug: [RESPONSE] POST /api/auth/login - Status: 200 - 84ms
2025-11-16 01:04:16 debug: [RESPONSE] POST /api/auth/login - Status: 200 - 84ms
2025-11-16 01:04:17 debug: [REQUEST] GET /api/hr/employees
2025-11-16 01:04:17 info: GET /api/hr/employees 200 116.027 ms - 1500
2025-11-16 01:04:17 debug: [RESPONSE] GET /api/hr/employees - Status: 200 - 115ms
2025-11-16 01:04:17 debug: [RESPONSE] GET /api/hr/employees - Status: 200 - 116ms
2025-11-16 01:04:17 debug: [REQUEST] GET /api/hr/employees
2025-11-16 01:04:17 info: GET /api/hr/employees 304 6.454 ms - -
2025-11-16 01:04:17 debug: [RESPONSE] GET /api/hr/employees - Status: 304 - 6ms
2025-11-16 01:04:17 debug: [RESPONSE] GET /api/hr/employees - Status: 304 - 7ms
2025-11-16 01:04:19 debug: [REQUEST] GET /api/hr/employees
2025-11-16 01:04:19 info: GET /api/hr/employees 304 108.445 ms - -
2025-11-16 01:04:19 debug: [RESPONSE] GET /api/hr/employees - Status: 304 - 108ms
2025-11-16 01:04:19 debug: [RESPONSE] GET /api/hr/employees - Status: 304 - 109ms
2025-11-16 01:05:21 debug: [REQUEST] GET /api/hr/employees
2025-11-16 01:05:21 info: GET /api/hr/employees 304 10.647 ms - -
2025-11-16 01:05:21 debug: [RESPONSE] GET /api/hr/employees - Status: 304 - 10ms
2025-11-16 01:05:21 debug: [RESPONSE] GET /api/hr/employees - Status: 304 - 10ms
2025-11-16 01:05:21 debug: [REQUEST] GET /api/hr/employees
2025-11-16 01:05:21 info: GET /api/hr/employees 304 7.486 ms - -
2025-11-16 01:05:21 debug: [RESPONSE] GET /api/hr/employees - Status: 304 - 8ms
2025-11-16 01:05:21 debug: [RESPONSE] GET /api/hr/employees - Status: 304 - 8ms
2025-11-16 01:05:37 debug: [REQUEST] GET /api/hr/employees/6918b712c29238a0d80d8a31/salary
2025-11-16 01:05:37 info: GET /api/hr/employees/6918b712c29238a0d80d8a31/salary 200 186.418 ms - 538
2025-11-16 01:05:37 debug: [RESPONSE] GET /api/hr/employees/6918b712c29238a0d80d8a31/salary - Status: 200 - 186ms
2025-11-16 01:05:37 debug: [RESPONSE] GET /api/hr/employees/6918b712c29238a0d80d8a31/salary - Status: 200 - 187ms
2025-11-16 01:07:12 debug: [REQUEST] GET /api/hr/employees/691788c6e59cec1f717c5066/salary
2025-11-16 01:07:12 info: GET /api/hr/employees/691788c6e59cec1f717c5066/salary 404 7.202 ms - 56
2025-11-16 01:07:12 debug: [RESPONSE] GET /api/hr/employees/691788c6e59cec1f717c5066/salary - Status: 404 - 8ms
2025-11-16 01:07:12 debug: [RESPONSE] GET /api/hr/employees/691788c6e59cec1f717c5066/salary - Status: 404 - 8ms
2025-11-16 01:07:17 debug: [REQUEST] GET /api/hr/employees/6918b712c29238a0d80d8a31/salary
2025-11-16 01:07:17 info: GET /api/hr/employees/6918b712c29238a0d80d8a31/salary 304 30.552 ms - -
2025-11-16 01:07:17 debug: [RESPONSE] GET /api/hr/employees/6918b712c29238a0d80d8a31/salary - Status: 304 - 30ms
2025-11-16 01:07:17 debug: [RESPONSE] GET /api/hr/employees/6918b712c29238a0d80d8a31/salary - Status: 304 - 30ms
2025-11-16 01:07:19 debug: [REQUEST] GET /api/hr/employees/6918b712c29238a0d80d8a31/salary
2025-11-16 01:07:20 info: GET /api/hr/employees/6918b712c29238a0d80d8a31/salary 304 321.433 ms - -
2025-11-16 01:07:20 debug: [RESPONSE] GET /api/hr/employees/6918b712c29238a0d80d8a31/salary - Status: 304 - 321ms
2025-11-16 01:07:20 debug: [RESPONSE] GET /api/hr/employees/6918b712c29238a0d80d8a31/salary - Status: 304 - 321ms
2025-11-16 01:17:24 debug: [REQUEST] GET /api/hr/employees
2025-11-16 01:17:24 info: GET /api/hr/employees 304 21.706 ms - -
2025-11-16 01:17:24 debug: [RESPONSE] GET /api/hr/employees - Status: 304 - 20ms
2025-11-16 01:17:24 debug: [RESPONSE] GET /api/hr/employees - Status: 304 - 21ms
2025-11-16 01:17:24 debug: [REQUEST] GET /api/hr/employees
2025-11-16 01:17:24 info: GET /api/hr/employees 304 7.196 ms - -
2025-11-16 01:17:24 debug: [RESPONSE] GET /api/hr/employees - Status: 304 - 7ms
2025-11-16 01:17:24 debug: [RESPONSE] GET /api/hr/employees - Status: 304 - 7ms
2025-11-16 01:17:36 debug: [REQUEST] GET /api/hr/employees/6918b735c29238a0d80d8a3a/salary
2025-11-16 01:17:36 info: GET /api/hr/employees/6918b735c29238a0d80d8a3a/salary 200 16.298 ms - 541
2025-11-16 01:17:36 debug: [RESPONSE] GET /api/hr/employees/6918b735c29238a0d80d8a3a/salary - Status: 200 - 15ms
2025-11-16 01:17:36 debug: [RESPONSE] GET /api/hr/employees/6918b735c29238a0d80d8a3a/salary - Status: 200 - 16ms
2025-11-16 01:17:51 debug: [REQUEST] GET /api/hr/employees/6918b735c29238a0d80d8a3a/salary
2025-11-16 01:17:51 info: GET /api/hr/employees/6918b735c29238a0d80d8a3a/salary 304 38.576 ms - -
2025-11-16 01:17:51 debug: [RESPONSE] GET /api/hr/employees/6918b735c29238a0d80d8a3a/salary - Status: 304 - 39ms
2025-11-16 01:17:51 debug: [RESPONSE] GET /api/hr/employees/6918b735c29238a0d80d8a3a/salary - Status: 304 - 39ms
2025-11-16 01:34:21 debug: [REQUEST] GET /api/hr/employees
2025-11-16 01:34:21 info: GET /api/hr/employees 304 85.638 ms - -
2025-11-16 01:34:21 debug: [RESPONSE] GET /api/hr/employees - Status: 304 - 86ms
2025-11-16 01:34:21 debug: [RESPONSE] GET /api/hr/employees - Status: 304 - 86ms
2025-11-16 01:34:21 debug: [REQUEST] GET /api/hr/employees
2025-11-16 01:34:21 info: GET /api/hr/employees 304 6.612 ms - -
2025-11-16 01:34:21 debug: [RESPONSE] GET /api/hr/employees - Status: 304 - 6ms
2025-11-16 01:34:21 debug: [RESPONSE] GET /api/hr/employees - Status: 304 - 6ms
2025-11-16 01:34:23 debug: [REQUEST] GET /api/hr/employees/691788c6e59cec1f717c5066/attendance
2025-11-16 01:34:23 info: GET /api/hr/employees/691788c6e59cec1f717c5066/attendance 200 31.818 ms - 2
2025-11-16 01:34:23 debug: [RESPONSE] GET /api/hr/employees/691788c6e59cec1f717c5066/attendance - Status: 200 - 32ms
2025-11-16 01:34:23 debug: [RESPONSE] GET /api/hr/employees/691788c6e59cec1f717c5066/attendance - Status: 200 - 32ms
2025-11-16 01:34:23 debug: [REQUEST] GET /api/hr/employees/691788c6e59cec1f717c5066/attendance
2025-11-16 01:34:23 info: GET /api/hr/employees/691788c6e59cec1f717c5066/attendance 304 6.421 ms - -
2025-11-16 01:34:23 debug: [RESPONSE] GET /api/hr/employees/691788c6e59cec1f717c5066/attendance - Status: 304 - 6ms
2025-11-16 01:34:23 debug: [RESPONSE] GET /api/hr/employees/691788c6e59cec1f717c5066/attendance - Status: 304 - 6ms
2025-11-16 01:34:33 debug: [REQUEST] GET /api/hr/employees
2025-11-16 01:34:33 info: GET /api/hr/employees 304 121.294 ms - -
2025-11-16 01:34:33 debug: [RESPONSE] GET /api/hr/employees - Status: 304 - 121ms
2025-11-16 01:34:33 debug: [RESPONSE] GET /api/hr/employees - Status: 304 - 121ms
2025-11-16 01:34:33 debug: [REQUEST] GET /api/hr/employees
2025-11-16 01:34:33 info: GET /api/hr/employees 304 8.696 ms - -
2025-11-16 01:34:33 debug: [RESPONSE] GET /api/hr/employees - Status: 304 - 8ms
2025-11-16 01:34:33 debug: [RESPONSE] GET /api/hr/employees - Status: 304 - 8ms
2025-11-16 01:37:07 debug: [REQUEST] GET /api/hr/employees
2025-11-16 01:37:07 info: GET /api/hr/employees 304 54.314 ms - -
2025-11-16 01:37:07 debug: [RESPONSE] GET /api/hr/employees - Status: 304 - 54ms
2025-11-16 01:37:07 debug: [RESPONSE] GET /api/hr/employees - Status: 304 - 54ms
2025-11-16 01:37:07 debug: [REQUEST] GET /api/hr/employees
2025-11-16 01:37:07 info: GET /api/hr/employees 304 6.859 ms - -
2025-11-16 01:37:07 debug: [RESPONSE] GET /api/hr/employees - Status: 304 - 6ms
2025-11-16 01:37:07 debug: [RESPONSE] GET /api/hr/employees - Status: 304 - 6ms
2025-11-16 01:37:21 debug: [REQUEST] GET /api/hr/employees/691788c6e59cec1f717c5066/attendance
2025-11-16 01:37:21 info: GET /api/hr/employees/691788c6e59cec1f717c5066/attendance 304 23.052 ms - -
2025-11-16 01:37:21 debug: [RESPONSE] GET /api/hr/employees/691788c6e59cec1f717c5066/attendance - Status: 304 - 23ms
2025-11-16 01:37:21 debug: [RESPONSE] GET /api/hr/employees/691788c6e59cec1f717c5066/attendance - Status: 304 - 23ms
2025-11-16 01:37:21 debug: [REQUEST] GET /api/hr/employees/691788c6e59cec1f717c5066/attendance
2025-11-16 01:37:21 info: GET /api/hr/employees/691788c6e59cec1f717c5066/attendance 304 7.194 ms - -
2025-11-16 01:37:21 debug: [RESPONSE] GET /api/hr/employees/691788c6e59cec1f717c5066/attendance - Status: 304 - 7ms
2025-11-16 01:37:21 debug: [RESPONSE] GET /api/hr/employees/691788c6e59cec1f717c5066/attendance - Status: 304 - 7ms
2025-11-16 01:37:40 debug: [REQUEST] GET /api/hr/employees
2025-11-16 01:37:40 info: GET /api/hr/employees 304 51.722 ms - -
2025-11-16 01:37:40 debug: [RESPONSE] GET /api/hr/employees - Status: 304 - 52ms
2025-11-16 01:37:40 debug: [RESPONSE] GET /api/hr/employees - Status: 304 - 52ms
2025-11-16 01:37:40 debug: [REQUEST] GET /api/hr/employees
2025-11-16 01:37:40 info: GET /api/hr/employees 304 6.454 ms - -
2025-11-16 01:37:40 debug: [RESPONSE] GET /api/hr/employees - Status: 304 - 6ms
2025-11-16 01:37:40 debug: [RESPONSE] GET /api/hr/employees - Status: 304 - 6ms
2025-11-16 01:37:45 debug: [REQUEST] GET /api/hr/employees/691788c6e59cec1f717c5066/attendance
2025-11-16 01:37:45 info: GET /api/hr/employees/691788c6e59cec1f717c5066/attendance 304 55.675 ms - -
2025-11-16 01:37:45 debug: [RESPONSE] GET /api/hr/employees/691788c6e59cec1f717c5066/attendance - Status: 304 - 56ms
2025-11-16 01:37:45 debug: [RESPONSE] GET /api/hr/employees/691788c6e59cec1f717c5066/attendance - Status: 304 - 56ms
2025-11-16 01:37:45 debug: [REQUEST] GET /api/hr/employees/691788c6e59cec1f717c5066/attendance
2025-11-16 01:37:45 info: GET /api/hr/employees/691788c6e59cec1f717c5066/attendance 304 8.604 ms - -
2025-11-16 01:37:45 debug: [RESPONSE] GET /api/hr/employees/691788c6e59cec1f717c5066/attendance - Status: 304 - 9ms
2025-11-16 01:37:45 debug: [RESPONSE] GET /api/hr/employees/691788c6e59cec1f717c5066/attendance - Status: 304 - 9ms
2025-11-16 01:37:46 debug: [REQUEST] GET /api/hr/employees
2025-11-16 01:37:46 info: GET /api/hr/employees 304 45.424 ms - -
2025-11-16 01:37:46 debug: [RESPONSE] GET /api/hr/employees - Status: 304 - 45ms
2025-11-16 01:37:46 debug: [RESPONSE] GET /api/hr/employees - Status: 304 - 45ms
2025-11-16 01:37:46 debug: [REQUEST] GET /api/hr/employees
2025-11-16 01:37:46 info: GET /api/hr/employees 304 6.794 ms - -
2025-11-16 01:37:46 debug: [RESPONSE] GET /api/hr/employees - Status: 304 - 7ms
2025-11-16 01:37:46 debug: [RESPONSE] GET /api/hr/employees - Status: 304 - 7ms
2025-11-16 01:37:46 debug: [REQUEST] GET /api/hr/employees/691788c6e59cec1f717c5066/attendance
2025-11-16 01:37:46 info: GET /api/hr/employees/691788c6e59cec1f717c5066/attendance 304 118.511 ms - -
2025-11-16 01:37:46 debug: [RESPONSE] GET /api/hr/employees/691788c6e59cec1f717c5066/attendance - Status: 304 - 118ms
2025-11-16 01:37:46 debug: [RESPONSE] GET /api/hr/employees/691788c6e59cec1f717c5066/attendance - Status: 304 - 118ms
2025-11-16 01:37:46 debug: [REQUEST] GET /api/hr/employees/691788c6e59cec1f717c5066/attendance
2025-11-16 01:37:46 info: GET /api/hr/employees/691788c6e59cec1f717c5066/attendance 304 6.634 ms - -
2025-11-16 01:37:46 debug: [RESPONSE] GET /api/hr/employees/691788c6e59cec1f717c5066/attendance - Status: 304 - 6ms
2025-11-16 01:37:46 debug: [RESPONSE] GET /api/hr/employees/691788c6e59cec1f717c5066/attendance - Status: 304 - 6ms
2025-11-16 01:37:48 debug: [REQUEST] GET /api/hr/employees
2025-11-16 01:37:48 info: GET /api/hr/employees 304 40.224 ms - -
2025-11-16 01:37:48 debug: [RESPONSE] GET /api/hr/employees - Status: 304 - 39ms
2025-11-16 01:37:48 debug: [RESPONSE] GET /api/hr/employees - Status: 304 - 40ms
2025-11-16 01:37:48 debug: [REQUEST] GET /api/hr/employees
2025-11-16 01:37:48 info: GET /api/hr/employees 304 6.903 ms - -
2025-11-16 01:37:48 debug: [RESPONSE] GET /api/hr/employees - Status: 304 - 6ms
2025-11-16 01:37:48 debug: [RESPONSE] GET /api/hr/employees - Status: 304 - 7ms
2025-11-16 01:37:58 debug: [REQUEST] GET /api/hr/employees
2025-11-16 01:37:58 info: GET /api/hr/employees 304 110.270 ms - -
2025-11-16 01:37:58 debug: [RESPONSE] GET /api/hr/employees - Status: 304 - 110ms
2025-11-16 01:37:58 debug: [RESPONSE] GET /api/hr/employees - Status: 304 - 110ms
2025-11-16 01:37:58 debug: [REQUEST] GET /api/hr/employees
2025-11-16 01:37:58 info: GET /api/hr/employees 304 6.396 ms - -
2025-11-16 01:37:58 debug: [RESPONSE] GET /api/hr/employees - Status: 304 - 6ms
2025-11-16 01:37:58 debug: [RESPONSE] GET /api/hr/employees - Status: 304 - 6ms
2025-11-16 02:17:15 debug: [REQUEST] GET /api/hr/employees
2025-11-16 02:17:15 info: GET /api/hr/employees 304 31.078 ms - -
2025-11-16 02:17:15 debug: [RESPONSE] GET /api/hr/employees - Status: 304 - 30ms
2025-11-16 02:17:15 debug: [RESPONSE] GET /api/hr/employees - Status: 304 - 31ms
2025-11-16 02:17:15 debug: [REQUEST] GET /api/hr/employees
2025-11-16 02:17:15 info: GET /api/hr/employees 304 8.251 ms - -
2025-11-16 02:17:15 debug: [RESPONSE] GET /api/hr/employees - Status: 304 - 8ms
2025-11-16 02:17:15 debug: [RESPONSE] GET /api/hr/employees - Status: 304 - 8ms
2025-11-16 02:17:16 debug: [REQUEST] GET /api/hr/employees/6918b735c29238a0d80d8a3a/salary
2025-11-16 02:17:16 info: GET /api/hr/employees/6918b735c29238a0d80d8a3a/salary 304 14.506 ms - -
2025-11-16 02:17:16 debug: [RESPONSE] GET /api/hr/employees/6918b735c29238a0d80d8a3a/salary - Status: 304 - 14ms
2025-11-16 02:17:16 debug: [RESPONSE] GET /api/hr/employees/6918b735c29238a0d80d8a3a/salary - Status: 304 - 14ms
2025-11-16 02:17:25 debug: [REQUEST] GET /api/hr/employees
2025-11-16 02:17:25 info: GET /api/hr/employees 304 51.367 ms - -
2025-11-16 02:17:25 debug: [RESPONSE] GET /api/hr/employees - Status: 304 - 50ms
2025-11-16 02:17:25 debug: [RESPONSE] GET /api/hr/employees - Status: 304 - 51ms
2025-11-16 02:17:25 debug: [REQUEST] GET /api/hr/employees
2025-11-16 02:17:25 info: GET /api/hr/employees 304 7.425 ms - -
2025-11-16 02:17:25 debug: [RESPONSE] GET /api/hr/employees - Status: 304 - 8ms
2025-11-16 02:17:25 debug: [RESPONSE] GET /api/hr/employees - Status: 304 - 8ms
2025-11-16 02:17:28 debug: [REQUEST] GET /api/hr/employees/691788c6e59cec1f717c5066/attendance
2025-11-16 02:17:28 info: GET /api/hr/employees/691788c6e59cec1f717c5066/attendance 304 104.829 ms - -
2025-11-16 02:17:28 debug: [RESPONSE] GET /api/hr/employees/691788c6e59cec1f717c5066/attendance - Status: 304 - 104ms
2025-11-16 02:17:28 debug: [RESPONSE] GET /api/hr/employees/691788c6e59cec1f717c5066/attendance - Status: 304 - 105ms
2025-11-16 02:17:28 debug: [REQUEST] GET /api/hr/employees/691788c6e59cec1f717c5066/attendance
2025-11-16 02:17:28 info: GET /api/hr/employees/691788c6e59cec1f717c5066/attendance 304 5.740 ms - -
2025-11-16 02:17:28 debug: [RESPONSE] GET /api/hr/employees/691788c6e59cec1f717c5066/attendance - Status: 304 - 6ms
2025-11-16 02:17:28 debug: [RESPONSE] GET /api/hr/employees/691788c6e59cec1f717c5066/attendance - Status: 304 - 6ms
2025-11-16 02:17:31 debug: [REQUEST] GET /api/hr/employees
2025-11-16 02:17:31 info: GET /api/hr/employees 304 67.301 ms - -
2025-11-16 02:17:31 debug: [RESPONSE] GET /api/hr/employees - Status: 304 - 66ms
2025-11-16 02:17:31 debug: [RESPONSE] GET /api/hr/employees - Status: 304 - 67ms
2025-11-16 02:17:31 debug: [REQUEST] GET /api/hr/employees
2025-11-16 02:17:31 info: GET /api/hr/employees 304 8.013 ms - -
2025-11-16 02:17:31 debug: [RESPONSE] GET /api/hr/employees - Status: 304 - 8ms
2025-11-16 02:17:31 debug: [RESPONSE] GET /api/hr/employees - Status: 304 - 8ms
2025-11-16 02:17:32 debug: [REQUEST] GET /api/hr/employees/691895742a19f5709b4f73e3/attendance
2025-11-16 02:17:32 info: GET /api/hr/employees/691895742a19f5709b4f73e3/attendance 200 6.792 ms - 2
2025-11-16 02:17:32 debug: [RESPONSE] GET /api/hr/employees/691895742a19f5709b4f73e3/attendance - Status: 200 - 7ms
2025-11-16 02:17:32 debug: [RESPONSE] GET /api/hr/employees/691895742a19f5709b4f73e3/attendance - Status: 200 - 7ms
2025-11-16 02:17:32 debug: [REQUEST] GET /api/hr/employees/691895742a19f5709b4f73e3/attendance
2025-11-16 02:17:32 info: GET /api/hr/employees/691895742a19f5709b4f73e3/attendance 304 8.127 ms - -
2025-11-16 02:17:32 debug: [RESPONSE] GET /api/hr/employees/691895742a19f5709b4f73e3/attendance - Status: 304 - 8ms
2025-11-16 02:17:32 debug: [RESPONSE] GET /api/hr/employees/691895742a19f5709b4f73e3/attendance - Status: 304 - 9ms
2025-11-16 02:17:33 debug: [REQUEST] GET /api/hr/employees
2025-11-16 02:17:33 info: GET /api/hr/employees 304 18.756 ms - -
2025-11-16 02:17:33 debug: [RESPONSE] GET /api/hr/employees - Status: 304 - 19ms
2025-11-16 02:17:33 debug: [RESPONSE] GET /api/hr/employees - Status: 304 - 19ms
2025-11-16 02:17:33 debug: [REQUEST] GET /api/hr/employees
2025-11-16 02:17:33 info: GET /api/hr/employees 304 6.714 ms - -
2025-11-16 02:17:33 debug: [RESPONSE] GET /api/hr/employees - Status: 304 - 7ms
2025-11-16 02:17:33 debug: [RESPONSE] GET /api/hr/employees - Status: 304 - 7ms
2025-11-16 02:17:34 debug: [REQUEST] GET /api/hr/employees/6918b712c29238a0d80d8a31/attendance
2025-11-16 02:17:34 info: GET /api/hr/employees/6918b712c29238a0d80d8a31/attendance 200 21.258 ms - 2
2025-11-16 02:17:34 debug: [RESPONSE] GET /api/hr/employees/6918b712c29238a0d80d8a31/attendance - Status: 200 - 22ms
2025-11-16 02:17:34 debug: [RESPONSE] GET /api/hr/employees/6918b712c29238a0d80d8a31/attendance - Status: 200 - 22ms
2025-11-16 02:17:34 debug: [REQUEST] GET /api/hr/employees/6918b712c29238a0d80d8a31/attendance
2025-11-16 02:17:34 info: GET /api/hr/employees/6918b712c29238a0d80d8a31/attendance 304 5.832 ms - -
2025-11-16 02:17:34 debug: [RESPONSE] GET /api/hr/employees/6918b712c29238a0d80d8a31/attendance - Status: 304 - 6ms
2025-11-16 02:17:34 debug: [RESPONSE] GET /api/hr/employees/6918b712c29238a0d80d8a31/attendance - Status: 304 - 6ms
2025-11-16 02:17:34 debug: [REQUEST] GET /api/hr/employees
2025-11-16 02:17:34 info: GET /api/hr/employees 304 6.879 ms - -
2025-11-16 02:17:34 debug: [RESPONSE] GET /api/hr/employees - Status: 304 - 7ms
2025-11-16 02:17:34 debug: [RESPONSE] GET /api/hr/employees - Status: 304 - 7ms
2025-11-16 02:17:34 debug: [REQUEST] GET /api/hr/employees
2025-11-16 02:17:34 info: GET /api/hr/employees 304 5.804 ms - -
2025-11-16 02:17:34 debug: [RESPONSE] GET /api/hr/employees - Status: 304 - 5ms
2025-11-16 02:17:34 debug: [RESPONSE] GET /api/hr/employees - Status: 304 - 6ms
2025-11-16 02:17:35 debug: [REQUEST] GET /api/hr/employees/6918b735c29238a0d80d8a3a/attendance
2025-11-16 02:17:35 info: GET /api/hr/employees/6918b735c29238a0d80d8a3a/attendance 200 7.588 ms - 2
2025-11-16 02:17:35 debug: [RESPONSE] GET /api/hr/employees/6918b735c29238a0d80d8a3a/attendance - Status: 200 - 8ms
2025-11-16 02:17:35 debug: [RESPONSE] GET /api/hr/employees/6918b735c29238a0d80d8a3a/attendance - Status: 200 - 8ms
2025-11-16 02:17:35 debug: [REQUEST] GET /api/hr/employees/6918b735c29238a0d80d8a3a/attendance
2025-11-16 02:17:35 info: GET /api/hr/employees/6918b735c29238a0d80d8a3a/attendance 304 6.237 ms - -
2025-11-16 02:17:35 debug: [RESPONSE] GET /api/hr/employees/6918b735c29238a0d80d8a3a/attendance - Status: 304 - 6ms
2025-11-16 02:17:35 debug: [RESPONSE] GET /api/hr/employees/6918b735c29238a0d80d8a3a/attendance - Status: 304 - 6ms
2025-11-16 02:17:35 debug: [REQUEST] GET /api/hr/employees
2025-11-16 02:17:35 info: GET /api/hr/employees 304 24.852 ms - -
2025-11-16 02:17:35 debug: [RESPONSE] GET /api/hr/employees - Status: 304 - 24ms
2025-11-16 02:17:35 debug: [RESPONSE] GET /api/hr/employees - Status: 304 - 25ms
2025-11-16 02:17:35 debug: [REQUEST] GET /api/hr/employees
2025-11-16 02:17:36 info: GET /api/hr/employees 304 6.002 ms - -
2025-11-16 02:17:36 debug: [RESPONSE] GET /api/hr/employees - Status: 304 - 6ms
2025-11-16 02:17:36 debug: [RESPONSE] GET /api/hr/employees - Status: 304 - 6ms
2025-11-16 10:26:03 debug: [REQUEST] POST /api/auth/login
2025-11-16 10:26:03 info: POST /api/auth/login 200 80.253 ms - 340
2025-11-16 10:26:03 debug: [RESPONSE] POST /api/auth/login - Status: 200 - 80ms
2025-11-16 10:26:03 debug: [RESPONSE] POST /api/auth/login - Status: 200 - 80ms
2025-11-16 10:26:08 debug: [REQUEST] GET /api/hr/employees
2025-11-16 10:26:08 info: GET /api/hr/employees 304 13.697 ms - -
2025-11-16 10:26:08 debug: [RESPONSE] GET /api/hr/employees - Status: 304 - 13ms
2025-11-16 10:26:08 debug: [RESPONSE] GET /api/hr/employees - Status: 304 - 14ms
2025-11-16 10:26:08 debug: [REQUEST] GET /api/hr/employees
2025-11-16 10:26:08 info: GET /api/hr/employees 304 8.821 ms - -
2025-11-16 10:26:08 debug: [RESPONSE] GET /api/hr/employees - Status: 304 - 9ms
2025-11-16 10:26:08 debug: [RESPONSE] GET /api/hr/employees - Status: 304 - 9ms
2025-11-16 10:26:09 debug: [REQUEST] GET /api/hr/employees
2025-11-16 10:26:09 info: GET /api/hr/employees 304 7.759 ms - -
2025-11-16 10:26:09 debug: [RESPONSE] GET /api/hr/employees - Status: 304 - 8ms
2025-11-16 10:26:09 debug: [RESPONSE] GET /api/hr/employees - Status: 304 - 8ms
2025-11-16 10:26:09 debug: [REQUEST] GET /api/hr/employees
2025-11-16 10:26:09 info: GET /api/hr/employees 304 11.176 ms - -
2025-11-16 10:26:09 debug: [RESPONSE] GET /api/hr/employees - Status: 304 - 10ms
2025-11-16 10:26:09 debug: [RESPONSE] GET /api/hr/employees - Status: 304 - 11ms
2025-11-16 10:27:47 debug: [REQUEST] POST /api/auth/login
2025-11-16 10:27:47 info: POST /api/auth/login 200 94.610 ms - 340
2025-11-16 10:27:47 debug: [RESPONSE] POST /api/auth/login - Status: 200 - 94ms
2025-11-16 10:27:47 debug: [RESPONSE] POST /api/auth/login - Status: 200 - 94ms
2025-11-16 10:28:54 debug: [REQUEST] POST /hr/attendance/upload?mode=daily&action=preview&dedupeStrategy=skip&delimiter=%2C
2025-11-16 10:28:54 info: POST /hr/attendance/upload?mode=daily&action=preview&dedupeStrategy=skip&delimiter=%2C 404 1.269 ms - 160
2025-11-16 10:35:02 debug: [REQUEST] POST /hr/attendance/upload?mode=daily&action=preview&dedupeStrategy=skip&delimiter=%2C
2025-11-16 10:35:02 info: POST /hr/attendance/upload?mode=daily&action=preview&dedupeStrategy=skip&delimiter=%2C 404 3.714 ms - 160
2025-11-16 10:35:16 debug: [REQUEST] POST /api/auth/login
2025-11-16 10:35:16 info: POST /api/auth/login 200 97.608 ms - 340
2025-11-16 10:35:16 debug: [RESPONSE] POST /api/auth/login - Status: 200 - 97ms
2025-11-16 10:35:16 debug: [RESPONSE] POST /api/auth/login - Status: 200 - 97ms
2025-11-16 10:35:24 debug: [REQUEST] POST /hr/attendance/upload?mode=daily&action=preview&dedupeStrategy=skip&delimiter=%2C
2025-11-16 10:35:24 info: POST /hr/attendance/upload?mode=daily&action=preview&dedupeStrategy=skip&delimiter=%2C 404 0.936 ms - 160
2025-11-16 10:37:32 debug: [REQUEST] POST /hr/attendance/upload?mode=daily&action=preview&dedupeStrategy=skip&delimiter=%2C
2025-11-16 10:37:32 info: POST /hr/attendance/upload?mode=daily&action=preview&dedupeStrategy=skip&delimiter=%2C 404 3.746 ms - 160
2025-11-16 10:37:44 debug: [REQUEST] POST /api/auth/login
2025-11-16 10:37:44 info: POST /api/auth/login 200 120.450 ms - 340
2025-11-16 10:37:44 debug: [RESPONSE] POST /api/auth/login - Status: 200 - 120ms
2025-11-16 10:37:44 debug: [RESPONSE] POST /api/auth/login - Status: 200 - 120ms
2025-11-16 10:37:47 debug: [REQUEST] GET /api/hr/employees
2025-11-16 10:37:47 info: GET /api/hr/employees 304 35.126 ms - -
2025-11-16 10:37:47 debug: [RESPONSE] GET /api/hr/employees - Status: 304 - 34ms
2025-11-16 10:37:47 debug: [RESPONSE] GET /api/hr/employees - Status: 304 - 35ms
2025-11-16 10:37:47 debug: [REQUEST] GET /api/hr/employees
2025-11-16 10:37:47 info: GET /api/hr/employees 304 8.444 ms - -
2025-11-16 10:37:47 debug: [RESPONSE] GET /api/hr/employees - Status: 304 - 8ms
2025-11-16 10:37:47 debug: [RESPONSE] GET /api/hr/employees - Status: 304 - 9ms
2025-11-16 10:37:49 debug: [REQUEST] GET /api/hr/employees/691895742a19f5709b4f73e3/salary
2025-11-16 10:37:49 info: GET /api/hr/employees/691895742a19f5709b4f73e3/salary 404 119.640 ms - 56
2025-11-16 10:37:49 debug: [RESPONSE] GET /api/hr/employees/691895742a19f5709b4f73e3/salary - Status: 404 - 120ms
2025-11-16 10:37:49 debug: [RESPONSE] GET /api/hr/employees/691895742a19f5709b4f73e3/salary - Status: 404 - 120ms
2025-11-16 10:37:52 debug: [REQUEST] GET /api/hr/employees/6918b735c29238a0d80d8a3a/salary
2025-11-16 10:37:52 info: GET /api/hr/employees/6918b735c29238a0d80d8a3a/salary 200 10.003 ms - 541
2025-11-16 10:37:52 debug: [RESPONSE] GET /api/hr/employees/6918b735c29238a0d80d8a3a/salary - Status: 200 - 10ms
2025-11-16 10:37:52 debug: [RESPONSE] GET /api/hr/employees/6918b735c29238a0d80d8a3a/salary - Status: 200 - 10ms
2025-11-16 10:39:37 debug: [REQUEST] POST /api/auth/login
2025-11-16 10:39:37 info: POST /api/auth/login 200 58.076 ms - 340
2025-11-16 10:39:37 debug: [RESPONSE] POST /api/auth/login - Status: 200 - 58ms
2025-11-16 10:39:37 debug: [RESPONSE] POST /api/auth/login - Status: 200 - 58ms
2025-11-16 10:40:33 debug: [REQUEST] GET /api/hr/employees
2025-11-16 10:40:33 info: GET /api/hr/employees 304 31.261 ms - -
2025-11-16 10:40:33 debug: [RESPONSE] GET /api/hr/employees - Status: 304 - 30ms
2025-11-16 10:40:33 debug: [RESPONSE] GET /api/hr/employees - Status: 304 - 31ms
2025-11-16 10:40:33 debug: [REQUEST] GET /api/hr/employees
2025-11-16 10:40:33 info: GET /api/hr/employees 304 7.921 ms - -
2025-11-16 10:40:33 debug: [RESPONSE] GET /api/hr/employees - Status: 304 - 7ms
2025-11-16 10:40:33 debug: [RESPONSE] GET /api/hr/employees - Status: 304 - 8ms
2025-11-16 10:40:34 debug: [REQUEST] GET /api/hr/employees/691895742a19f5709b4f73e3/salary
2025-11-16 10:40:34 info: GET /api/hr/employees/691895742a19f5709b4f73e3/salary 404 51.311 ms - 56
2025-11-16 10:40:34 debug: [RESPONSE] GET /api/hr/employees/691895742a19f5709b4f73e3/salary - Status: 404 - 51ms
2025-11-16 10:40:34 debug: [RESPONSE] GET /api/hr/employees/691895742a19f5709b4f73e3/salary - Status: 404 - 51ms
2025-11-16 10:40:37 debug: [REQUEST] GET /api/hr/employees
2025-11-16 10:40:37 info: GET /api/hr/employees 304 10.037 ms - -
2025-11-16 10:40:37 debug: [RESPONSE] GET /api/hr/employees - Status: 304 - 10ms
2025-11-16 10:40:37 debug: [RESPONSE] GET /api/hr/employees - Status: 304 - 10ms
2025-11-16 10:40:37 debug: [REQUEST] GET /api/hr/employees
2025-11-16 10:40:37 info: GET /api/hr/employees 304 7.207 ms - -
2025-11-16 10:40:37 debug: [RESPONSE] GET /api/hr/employees - Status: 304 - 7ms
2025-11-16 10:40:37 debug: [RESPONSE] GET /api/hr/employees - Status: 304 - 7ms
2025-11-16 10:40:38 debug: [REQUEST] GET /api/hr/employees/6918b735c29238a0d80d8a3a/salary
2025-11-16 10:40:38 info: GET /api/hr/employees/6918b735c29238a0d80d8a3a/salary 304 11.702 ms - -
2025-11-16 10:40:38 debug: [RESPONSE] GET /api/hr/employees/6918b735c29238a0d80d8a3a/salary - Status: 304 - 11ms
2025-11-16 10:40:38 debug: [RESPONSE] GET /api/hr/employees/6918b735c29238a0d80d8a3a/salary - Status: 304 - 12ms
{"level":"info","message":"POST /api/auth/login 200 166.023 ms - 340","timestamp":"2025-11-16 10:43:00"}
{"level":"info","message":"GET /api/hr/employees 304 59.333 ms - -","timestamp":"2025-11-16 10:44:09"}
{"level":"info","message":"GET /api/hr/employees 304 8.439 ms - -","timestamp":"2025-11-16 10:44:09"}
{"level":"info","message":"GET /api/hr/employees/6918b712c29238a0d80d8a31/salary 304 88.278 ms - -","timestamp":"2025-11-16 10:44:20"}
{"level":"info","message":"GET /api/hr/employees/6918b735c29238a0d80d8a3a/salary 304 66.622 ms - -","timestamp":"2025-11-16 10:44:24"}
{"level":"info","message":"GET /api/hr/employees/6918b735c29238a0d80d8a3a/salary 304 22.982 ms - -","timestamp":"2025-11-16 10:46:08"}
{"level":"info","message":"POST /api/auth/login 200 68.469 ms - 340","timestamp":"2025-11-16 10:46:52"}
{"level":"info","message":"POST /hr/attendance/upload?mode=daily&action=preview&dedupeStrategy=skip&delimiter=%2C 404 1.385 ms - 160","timestamp":"2025-11-16 10:47:17"}
{"level":"info","message":"GET /api/hr/employees 304 10.144 ms - -","timestamp":"2025-11-16 10:49:48"}
{"level":"info","message":"GET /api/hr/employees 304 6.866 ms - -","timestamp":"2025-11-16 10:49:48"}
{"level":"info","message":"GET /api/hr/employees/6918b735c29238a0d80d8a3a/salary 304 98.584 ms - -","timestamp":"2025-11-16 10:49:49"}
{"level":"info","message":"POST /hr/attendance/upload?mode=daily&action=preview&dedupeStrategy=skip&delimiter=%2C 404 0.875 ms - 160","timestamp":"2025-11-16 10:50:12"}
{"level":"info","message":"POST /api/auth/login 200 182.509 ms - 340","timestamp":"2025-11-16 10:52:54"}
{"level":"info","message":"GET /api/hr/employees 304 116.717 ms - -","timestamp":"2025-11-16 14:46:03"}
{"level":"info","message":"GET /api/hr/employees 304 8.629 ms - -","timestamp":"2025-11-16 14:46:03"}
{"level":"info","message":"GET /api/hr/employees/691788c6e59cec1f717c5066/salary 404 104.286 ms - 56","timestamp":"2025-11-16 14:46:04"}
{"level":"info","message":"GET /api/hr/employees/6918b735c29238a0d80d8a3a/salary 304 9.690 ms - -","timestamp":"2025-11-16 14:46:06"}
{"level":"info","message":"POST /api/auth/login 200 73.203 ms - 340","timestamp":"2025-11-16 14:46:51"}
{"level":"info","message":"GET /api/hr/employees 304 8.117 ms - -","timestamp":"2025-11-16 14:48:08"}
{"level":"info","message":"GET /api/hr/employees 304 8.763 ms - -","timestamp":"2025-11-16 14:48:08"}
{"level":"info","message":"GET /api/hr/employees/6918b735c29238a0d80d8a3a/salary 304 7.439 ms - -","timestamp":"2025-11-16 14:48:39"}
{"level":"info","message":"GET /api/hr/employees 304 25.499 ms - -","timestamp":"2025-11-16 14:49:01"}
{"level":"info","message":"GET /api/hr/employees 304 7.314 ms - -","timestamp":"2025-11-16 14:49:01"}
{"level":"info","message":"GET /api/hr/employees/6918b712c29238a0d80d8a31/attendance 304 9523.798 ms - -","timestamp":"2025-11-16 14:49:27"}
{"level":"info","message":"GET /api/hr/employees/6918b712c29238a0d80d8a31/attendance 304 6.855 ms - -","timestamp":"2025-11-16 14:49:27"}
{"level":"info","message":"GET /api/hr/employees 304 30.998 ms - -","timestamp":"2025-11-16 14:50:44"}
{"level":"info","message":"GET /api/hr/employees 304 6.477 ms - -","timestamp":"2025-11-16 14:50:44"}
{"level":"info","message":"GET /api/hr/employees/6918b712c29238a0d80d8a31/attendance 304 55.508 ms - -","timestamp":"2025-11-16 14:50:46"}
{"level":"info","message":"GET /api/hr/employees/6918b712c29238a0d80d8a31/attendance 304 6.632 ms - -","timestamp":"2025-11-16 14:50:46"}
{"level":"info","message":"GET /api/hr/employees 304 53.644 ms - -","timestamp":"2025-11-16 14:50:47"}
{"level":"info","message":"GET /api/hr/employees 304 7.910 ms - -","timestamp":"2025-11-16 14:50:47"}
{"level":"info","message":"POST /api/hr/onboard 400 9.739 ms - 199","timestamp":"2025-11-16 14:54:25"}
{"level":"info","message":"POST /api/hr/onboard 400 5.484 ms - 199","timestamp":"2025-11-16 14:55:30"}
{"level":"info","message":"POST /api/hr/onboard 201 326.647 ms - 828","timestamp":"2025-11-16 14:57:59"}
{"level":"info","message":"GET /api/hr/employees 200 10.981 ms - 1971","timestamp":"2025-11-16 15:00:16"}
{"level":"info","message":"GET /api/hr/employees 304 11.230 ms - -","timestamp":"2025-11-16 15:00:16"}
{"level":"info","message":"GET /api/hr/employees/6919991f206f8367f4696b2b/salary 200 9.078 ms - 538","timestamp":"2025-11-16 15:00:18"}
{"level":"info","message":"GET /api/hr/employees/6919991f206f8367f4696b2b/salary 304 14.823 ms - -","timestamp":"2025-11-16 15:00:23"}
{"level":"info","message":"POST /api/auth/login 200 134.921 ms - 339","timestamp":"2025-11-16 15:05:00"}
{"level":"info","message":"GET /api/hr/employees 200 23.461 ms - 291","timestamp":"2025-11-16 15:05:04"}
{"level":"info","message":"GET /api/hr/employees 304 7.916 ms - -","timestamp":"2025-11-16 15:05:04"}
{"level":"info","message":"GET /api/hr/employees 304 8.561 ms - -","timestamp":"2025-11-16 15:05:09"}
{"level":"info","message":"GET /api/hr/employees 304 9.545 ms - -","timestamp":"2025-11-16 15:05:09"}
{"level":"info","message":"POST /api/hr/onboard 201 106.142 ms - 823","timestamp":"2025-11-16 15:06:11"}
{"level":"info","message":"GET /api/hr/employees 304 35.545 ms - -","timestamp":"2025-11-16 17:00:07"}
{"level":"info","message":"GET /api/hr/employees 304 9.411 ms - -","timestamp":"2025-11-16 17:00:07"}
{"level":"info","message":"POST /api/auth/login 200 133.861 ms - 339","timestamp":"2025-11-16 17:00:22"}
{"level":"info","message":"GET /api/hr/employees 304 9.346 ms - -","timestamp":"2025-11-16 17:00:25"}
{"level":"info","message":"GET /api/hr/employees 304 17.594 ms - -","timestamp":"2025-11-16 17:00:25"}
{"level":"info","message":"GET /api/hr/employees 304 11.832 ms - -","timestamp":"2025-11-16 17:00:28"}
{"level":"info","message":"GET /api/hr/employees 304 13.832 ms - -","timestamp":"2025-11-16 17:00:28"}
{"level":"info","message":"POST /api/auth/login 200 106.307 ms - 339","timestamp":"2025-11-16 17:01:52"}
{"level":"info","message":"GET /api/hr/employees 304 10.905 ms - -","timestamp":"2025-11-16 17:01:55"}
{"level":"info","message":"GET /api/hr/employees 304 10.825 ms - -","timestamp":"2025-11-16 17:01:55"}
{"level":"info","message":"GET /api/hr/employees 304 8.743 ms - -","timestamp":"2025-11-16 17:04:55"}
{"level":"info","message":"GET /api/hr/employees 304 14.037 ms - -","timestamp":"2025-11-16 17:04:55"}
{"level":"info","message":"GET /api/hr/employees/6919aebe146db73a9e22697a/salary 404 10.124 ms - 56","timestamp":"2025-11-16 17:04:56"}
{"level":"info","message":"POST /api/auth/login 200 173.973 ms - 339","timestamp":"2025-11-16 17:25:33"}
{"level":"info","message":"GET /api 404 6.275 ms - 142","timestamp":"2025-11-16 17:28:59"}
{"level":"info","message":"POST /api/auth/login 200 1147.751 ms - 339","timestamp":"2025-11-16 17:29:52"}
{"level":"info","message":"POST /api/hr/onboard 201 214.224 ms - 825","timestamp":"2025-11-16 17:31:43"}
{"level":"info","message":"GET /api/hr/employees 200 24.448 ms - 751","timestamp":"2025-11-16 17:31:52"}
{"level":"info","message":"GET /api/hr/employees 304 20.592 ms - -","timestamp":"2025-11-16 17:31:52"}
{"level":"info","message":"GET /api/hr/employees/6919bd27718a0b7ced11a74d/salary 200 10.889 ms - 550","timestamp":"2025-11-16 17:31:54"}
{"level":"info","message":"POST /api/auth/login 200 182.645 ms - 361","timestamp":"2025-11-16 17:32:20"}
{"level":"info","message":"GET /api/employee/payslips?year=2025 200 20.300 ms - 2","timestamp":"2025-11-16 17:32:20"}
{"level":"info","message":"GET /api/employee/payslips?year=2025 304 11.856 ms - -","timestamp":"2025-11-16 17:32:20"}
{"level":"info","message":"GET /api/employee/attendance?year=2025 200 9.494 ms - 2","timestamp":"2025-11-16 17:32:22"}
{"level":"info","message":"GET /api/employee/payslips?year=2025 304 11.438 ms - -","timestamp":"2025-11-16 17:32:23"}
{"level":"info","message":"GET /api/employee/attendance?year=2025 304 15.723 ms - -","timestamp":"2025-11-16 17:32:42"}
{"level":"info","message":"GET /api/employee/payslips?year=2025 304 10.539 ms - -","timestamp":"2025-11-16 17:32:43"}
{"level":"info","message":"GET /api/employee/attendance?year=2025 304 10.385 ms - -","timestamp":"2025-11-16 17:32:46"}
{"level":"info","message":"POST /api/auth/login 200 126.740 ms - 339","timestamp":"2025-11-16 17:34:01"}
{"level":"info","message":"POST /api/auth/login 200 176.974 ms - 361","timestamp":"2025-11-16 17:34:31"}
{"level":"info","message":"GET /api/employee/payslips?year=2025 304 14.378 ms - -","timestamp":"2025-11-16 17:34:31"}
{"level":"info","message":"GET /api/employee/payslips?year=2025 304 17.469 ms - -","timestamp":"2025-11-16 17:34:31"}
{"level":"info","message":"GET /api/employee/attendance?year=2025 304 9.650 ms - -","timestamp":"2025-11-16 17:34:32"}
{"level":"info","message":"GET /api/employee/payslips?year=2025 304 9.044 ms - -","timestamp":"2025-11-16 17:34:33"}
{"level":"info","message":"GET /api/employee/attendance?year=2025 304 9.504 ms - -","timestamp":"2025-11-16 17:34:35"}
{"level":"info","message":"GET /api/employee/payslips?year=2025 304 7.939 ms - -","timestamp":"2025-11-16 17:34:36"}
{"level":"info","message":"GET /api/employee/attendance?year=2025 304 9.351 ms - -","timestamp":"2025-11-16 17:42:03"}
{"level":"info","message":"GET /api/employee/payslips?year=2025 304 8.499 ms - -","timestamp":"2025-11-16 17:42:04"}
{"level":"info","message":"GET /api/employee/payslips?year=2025 304 17.832 ms - -","timestamp":"2025-11-16 17:45:23"}
{"level":"info","message":"POST /api/auth/login 500 10008.198 ms - 26","timestamp":"2025-11-16 17:56:19"}
{"level":"info","message":"POST /api/auth/login 500 36.585 ms - 26","timestamp":"2025-11-16 17:57:37"}
{"level":"info","message":"POST /api/auth/login 500 76.147 ms - 26","timestamp":"2025-11-16 17:57:38"}
{"level":"info","message":"POST /api/auth/login 500 61.955 ms - 26","timestamp":"2025-11-16 17:57:55"}
{"level":"info","message":"POST /api/auth/login 401 11.381 ms - 33","timestamp":"2025-11-16 17:58:37"}
{"level":"info","message":"POST /api/auth/login 401 75.887 ms - 33","timestamp":"2025-11-16 17:58:43"}
{"level":"info","message":"POST /api/auth/login 200 63.563 ms - 339","timestamp":"2025-11-16 17:58:47"}
{"level":"info","message":"POST /api/hr/onboard 400 20.846 ms - 49","timestamp":"2025-11-16 17:59:13"}
{"level":"info","message":"POST /api/hr/onboard 201 154.058 ms - 818","timestamp":"2025-11-16 17:59:32"}
{"level":"info","message":"POST /api/auth/login 401 91.374 ms - 33","timestamp":"2025-11-16 17:59:48"}
{"level":"info","message":"POST /api/auth/login 401 9.527 ms - 33","timestamp":"2025-11-16 17:59:51"}
{"level":"info","message":"POST /api/auth/login 401 85.124 ms - 33","timestamp":"2025-11-16 18:00:17"}
{"level":"info","message":"POST /api/auth/login 401 2.908 ms - 33","timestamp":"2025-11-16 18:00:23"}
{"level":"info","message":"POST /api/auth/login 200 129.901 ms - 353","timestamp":"2025-11-16 18:01:02"}
{"level":"info","message":"GET /api/employee/payslips?year=2025 200 10.772 ms - 2","timestamp":"2025-11-16 18:01:02"}
{"level":"info","message":"GET /api/employee/payslips?year=2025 304 12.459 ms - -","timestamp":"2025-11-16 18:01:02"}
{"level":"info","message":"GET /api/employee/attendance?year=2025 200 7.407 ms - 2","timestamp":"2025-11-16 18:01:05"}
{"level":"info","message":"GET /api/users/profile 200 7.437 ms - 468","timestamp":"2025-11-16 18:01:06"}
{"level":"info","message":"POST /api/auth/login 401 21.660 ms - 33","timestamp":"2025-11-16 20:29:57"}
{"level":"info","message":"POST /api/auth/login 401 4.009 ms - 33","timestamp":"2025-11-16 20:30:04"}
{"level":"info","message":"POST /api/auth/login 401 144.247 ms - 33","timestamp":"2025-11-16 20:30:08"}
{"level":"info","message":"POST /api/auth/login 200 60.002 ms - 353","timestamp":"2025-11-16 20:30:13"}
{"level":"info","message":"GET /api/employee/payslips?year=2025 304 10.706 ms - -","timestamp":"2025-11-16 20:30:13"}
{"level":"info","message":"GET /api/employee/payslips?year=2025 304 7.868 ms - -","timestamp":"2025-11-16 20:30:13"}
{"level":"info","message":"GET /api/employee/attendance?year=2025 304 7.988 ms - -","timestamp":"2025-11-16 20:30:14"}
{"level":"info","message":"GET /api/users/profile 304 8.331 ms - -","timestamp":"2025-11-16 20:30:15"}
{"level":"info","message":"GET /api/employee/attendance?year=2025 304 108.761 ms - -","timestamp":"2025-11-16 20:30:27"}
{"level":"info","message":"GET /api/employee/payslips?year=2025 304 7.233 ms - -","timestamp":"2025-11-16 20:30:27"}
{"level":"info","message":"GET /api/employee/attendance?year=2025 304 7.497 ms - -","timestamp":"2025-11-16 20:30:28"}
{"level":"info","message":"GET /api/users/profile 304 94.071 ms - -","timestamp":"2025-11-16 20:30:28"}
{"level":"info","message":"GET /api/employee/attendance?year=2025 304 95.392 ms - -","timestamp":"2025-11-16 20:31:01"}
{"level":"info","message":"GET /api/employee/payslips?year=2025 304 64.032 ms - -","timestamp":"2025-11-16 20:31:01"}
{"level":"info","message":"GET /api/users/profile 304 5.739 ms - -","timestamp":"2025-11-16 20:31:02"}
{"level":"info","message":"GET /api/employee/attendance?year=2025 304 7.343 ms - -","timestamp":"2025-11-16 20:31:06"}
{"level":"info","message":"GET /api/employee/payslips?year=2025 304 22.614 ms - -","timestamp":"2025-11-16 20:31:07"}
{"level":"info","message":"GET /api/employee/attendance?year=2025 304 16.114 ms - -","timestamp":"2025-11-16 20:31:08"}
{"level":"info","message":"GET /api/users/profile 304 7.414 ms - -","timestamp":"2025-11-16 20:31:08"}
{"level":"info","message":"GET /api/employee/payslips?year=2025 304 8.383 ms - -","timestamp":"2025-11-16 20:31:09"}
{"level":"info","message":"GET /api/employee/attendance?year=2025 304 5.998 ms - -","timestamp":"2025-11-16 20:31:13"}
{"level":"info","message":"GET /api/users/profile 304 162.325 ms - -","timestamp":"2025-11-16 20:31:14"}
{"level":"info","message":"POST /api/auth/login 401 95.141 ms - 33","timestamp":"2025-11-16 20:48:36"}
{"level":"info","message":"POST /api/auth/login 200 69.359 ms - 339","timestamp":"2025-11-16 20:48:48"}
{"level":"info","message":"POST /api/hr/payroll/generate 400 38.390 ms - 74","timestamp":"2025-11-16 20:48:57"}
{"level":"info","message":"POST /api/hr/payroll/generate 400 84.718 ms - 74","timestamp":"2025-11-16 20:49:02"}
{"level":"info","message":"POST /api/hr/payroll/generate 400 34.523 ms - 74","timestamp":"2025-11-16 20:53:22"}
{"level":"info","message":"POST /api/hr/payroll/generate 200 64.079 ms - 404","timestamp":"2025-11-16 20:58:01"}
{"level":"info","message":"POST /api/hr/payroll/generate 200 83.623 ms - 329","timestamp":"2025-11-16 21:01:22"}
{"level":"info","message":"GET /api/hr/employees 200 44.283 ms - 1218","timestamp":"2025-11-16 21:01:38"}
{"level":"info","message":"GET /api/hr/employees 304 6.855 ms - -","timestamp":"2025-11-16 21:01:38"}
{"level":"info","message":"POST /api/auth/login 200 109.350 ms - 339","timestamp":"2025-11-16 22:20:03"}
{"level":"info","message":"GET /api/hr/employees 200 88.408 ms - 13868","timestamp":"2025-11-16 22:20:04"}
{"level":"info","message":"GET /api/hr/employees 304 11.543 ms - -","timestamp":"2025-11-16 22:20:04"}
{"level":"info","message":"GET /api/hr/employees 304 12.354 ms - -","timestamp":"2025-11-16 22:20:16"}
{"level":"info","message":"GET /api/hr/employees 304 11.610 ms - -","timestamp":"2025-11-16 22:20:16"}
{"level":"info","message":"GET /api/hr/employees 304 19.087 ms - -","timestamp":"2025-11-16 22:20:18"}
{"level":"info","message":"GET /api/hr/employees 304 26.183 ms - -","timestamp":"2025-11-16 22:20:18"}
{"level":"info","message":"GET /api/hr/employees 304 113.921 ms - -","timestamp":"2025-11-16 22:39:11"}
{"level":"info","message":"GET /api/hr/employees 304 33.763 ms - -","timestamp":"2025-11-16 22:41:17"}
{"level":"info","message":"GET /api/hr/employees 304 18.088 ms - -","timestamp":"2025-11-16 22:41:17"}
{"level":"info","message":"GET /api/hr/employees 304 62.140 ms - -","timestamp":"2025-11-16 22:51:44"}
{"level":"info","message":"GET /api/hr/employees 304 10.178 ms - -","timestamp":"2025-11-16 22:51:44"}
{"level":"info","message":"GET /api/hr/employees 304 105.395 ms - -","timestamp":"2025-11-16 22:54:13"}
{"level":"info","message":"GET /api/hr/employees 304 24.248 ms - -","timestamp":"2025-11-16 22:54:13"}
{"level":"info","message":"GET /api/hr/employees 304 35.807 ms - -","timestamp":"2025-11-16 22:56:34"}
{"level":"info","message":"GET /api/hr/employees 304 12.002 ms - -","timestamp":"2025-11-16 22:56:34"}
{"level":"info","message":"GET /api/hr/employees 304 9.930 ms - -","timestamp":"2025-11-16 22:56:40"}
{"level":"info","message":"GET /api/hr/employees 304 10.704 ms - -","timestamp":"2025-11-16 22:56:40"}
{"level":"info","message":"GET /api/hr/employees 304 11.458 ms - -","timestamp":"2025-11-16 22:56:41"}
{"level":"info","message":"GET /api/hr/employees 304 11.667 ms - -","timestamp":"2025-11-16 22:56:41"}
{"level":"info","message":"POST /api/auth/login 200 58.899 ms - 339","timestamp":"2025-11-16 22:57:37"}
{"level":"info","message":"GET /api/hr/employees 304 11.605 ms - -","timestamp":"2025-11-16 22:57:38"}
{"level":"info","message":"GET /api/hr/employees 304 10.011 ms - -","timestamp":"2025-11-16 22:57:38"}
{"level":"info","message":"GET /api/hr/employees 304 12.363 ms - -","timestamp":"2025-11-16 23:00:48"}
{"level":"info","message":"GET /api/hr/employees 304 19.706 ms - -","timestamp":"2025-11-16 23:00:48"}
{"level":"info","message":"GET /api/hr/employees 304 123.787 ms - -","timestamp":"2025-11-16 23:07:28"}
{"level":"info","message":"GET /api/hr/employees 304 8.794 ms - -","timestamp":"2025-11-16 23:07:28"}
{"level":"info","message":"GET /api/hr/employees 304 119.423 ms - -","timestamp":"2025-11-16 23:07:58"}
{"level":"info","message":"GET /api/hr/employees 304 7.793 ms - -","timestamp":"2025-11-16 23:07:59"}
{"level":"info","message":"GET /api/hr/employees 304 34.183 ms - -","timestamp":"2025-11-16 23:09:12"}
{"level":"info","message":"GET /api/hr/employees 304 8.765 ms - -","timestamp":"2025-11-16 23:09:12"}
{"level":"info","message":"GET /api/hr/employees 304 27.211 ms - -","timestamp":"2025-11-16 23:09:13"}
{"level":"info","message":"GET /api/hr/employees 304 9.992 ms - -","timestamp":"2025-11-16 23:09:13"}
{"level":"info","message":"GET /api/hr/employees 304 60.973 ms - -","timestamp":"2025-11-16 23:18:58"}
{"level":"info","message":"GET /api/hr/employees 401 1.048 ms - 42","timestamp":"2025-11-16 23:20:06"}
{"level":"info","message":"GET /api/hr/employees 401 0.696 ms - 42","timestamp":"2025-11-16 23:20:06"}
